Iniciando identify()
Array
(
    [image] => Array
        (
            [name] => images.jpeg
            [full_path] => images.jpeg
            [type] => image/jpeg
            [tmp_name] => /tmp/php8u8ggps8uhpoeKFIHJa
            [error] => 0
            [size] => 7520
        )

)
Iniciando identify()
Array
(
    [image] => Array
        (
            [name] => images.jpeg
            [full_path] => images.jpeg
            [type] => image/jpeg
            [tmp_name] => /tmp/phpi4e3i3dnof2hejLAPmE
            [error] => 0
            [size] => 7520
        )

)
Iniciando identify()
Array
(
    [image] => Array
        (
            [name] => images.jpeg
            [full_path] => images.jpeg
            [type] => image/jpeg
            [tmp_name] => /tmp/phptidgn5ga5g5ndklGjgo
            [error] => 0
            [size] => 7520
        )

)
Iniciando identify()
Array
(
    [image] => Array
        (
            [name] => images.jpeg
            [full_path] => images.jpeg
            [type] => image/jpeg
            [tmp_name] => /tmp/phpbq4256rtjd8hbmGKcmg
            [error] => 0
            [size] => 7520
        )

)
Iniciando identify()
Array
(
    [image] => Array
        (
            [name] => images.jpeg
            [full_path] => images.jpeg
            [type] => image/jpeg
            [tmp_name] => /tmp/phpm4mf01i6gs5ueeAOnkB
            [error] => 0
            [size] => 7520
        )

)
Iniciando identify()
Array
(
    [image] => Array
        (
            [name] => images.jpeg
            [full_path] => images.jpeg
            [type] => image/jpeg
            [tmp_name] => /tmp/phpb4d9oh60oe9ueonCBgA
            [error] => 0
            [size] => 7520
        )

)
Iniciando identify()
Array
(
    [image] => Array
        (
            [name] => images.jpeg
            [full_path] => images.jpeg
            [type] => image/jpeg
            [tmp_name] => /tmp/phpa5p0kr1r82152Klglkg
            [error] => 0
            [size] => 7520
        )

)
Iniciando identify()
Array
(
    [image] => Array
        (
            [name] => images.jpeg
            [full_path] => images.jpeg
            [type] => image/jpeg
            [tmp_name] => /tmp/phptg67q4qqkh2b9KhOANO
            [error] => 0
            [size] => 7520
        )

)
Iniciando identify()
Array
(
    [image] => Array
        (
            [name] => images.jpeg
            [full_path] => images.jpeg
            [type] => image/jpeg
            [tmp_name] => /tmp/phpe32ul006gbmbaoEBNCa
            [error] => 0
            [size] => 7520
        )

)
Iniciando identify()
Array
(
    [image] => Array
        (
            [name] => images.jpeg
            [full_path] => images.jpeg
            [type] => image/jpeg
            [tmp_name] => /tmp/php1jooijf7u91f7eccDHi
            [error] => 0
            [size] => 7520
        )

)
Iniciando identify()
Array
(
    [image] => Array
        (
            [name] => images.jpeg
            [full_path] => images.jpeg
            [type] => image/jpeg
            [tmp_name] => /tmp/php6rmamp1t17da3mJfAPF
            [error] => 0
            [size] => 7520
        )

)
Iniciando identify()
Array
(
    [image] => Array
        (
            [name] => images.jpeg
            [full_path] => images.jpeg
            [type] => image/jpeg
            [tmp_name] => /tmp/php4o1ep09af69g5nomNJg
            [error] => 0
            [size] => 7520
        )

)
Iniciando identify()
Array
(
    [image] => Array
        (
            [name] => images.jpeg
            [full_path] => images.jpeg
            [type] => image/jpeg
            [tmp_name] => /tmp/phpqlm5p93tsd828KePMDJ
            [error] => 0
            [size] => 7520
        )

)
Iniciando identify()
Array
(
    [image] => Array
        (
            [name] => images.jpeg
            [full_path] => images.jpeg
            [type] => image/jpeg
            [tmp_name] => /tmp/php5ddaihoo8v1ccphbPki
            [error] => 0
            [size] => 7520
        )

)
Iniciando identify()
Array
(
    [image] => Array
        (
            [name] => images.jpeg
            [full_path] => images.jpeg
            [type] => image/jpeg
            [tmp_name] => /tmp/phpj9jp2gut04c28CoKhFC
            [error] => 0
            [size] => 7520
        )

)
Iniciando identify()
Array
(
    [image] => Array
        (
            [name] => images.jpeg
            [full_path] => images.jpeg
            [type] => image/jpeg
            [tmp_name] => /tmp/phpIDlIeh
            [error] => 0
            [size] => 7520
        )

)
Iniciando identify()
Array
(
    [image] => Array
        (
            [name] => images.jpeg
            [full_path] => images.jpeg
            [type] => image/jpeg
            [tmp_name] => /tmp/phpoCNdaJ
            [error] => 0
            [size] => 7520
        )

)
Iniciando identify()
Array
(
    [image] => Array
        (
            [name] => image.jpeg
            [full_path] => image.jpeg
            [type] => image/jpeg
            [tmp_name] => /tmp/phpdeKICo
            [error] => 0
            [size] => 7520
        )

)
Iniciando identify()
Array
(
    [image] => Array
        (
            [name] => image.jpeg
            [full_path] => image.jpeg
            [type] => image/jpeg
            [tmp_name] => /tmp/phpgnLnBn
            [error] => 0
            [size] => 7520
        )

)
Iniciando identify()
Array
(
    [image] => Array
        (
            [name] => image.jpeg
            [full_path] => image.jpeg
            [type] => image/jpeg
            [tmp_name] => /tmp/phpcaNKDc
            [error] => 0
            [size] => 7520
        )

)
Iniciando identify()
Array
(
    [image] => Array
        (
            [name] => image.jpeg
            [full_path] => image.jpeg
            [type] => image/jpeg
            [tmp_name] => /tmp/phpanNdDH
            [error] => 0
            [size] => 7520
        )

)
Iniciando identify()
Array
(
    [image] => Array
        (
            [name] => image.jpeg
            [full_path] => image.jpeg
            [type] => image/jpeg
            [tmp_name] => /tmp/phpjKgOlj
            [error] => 0
            [size] => 7520
        )

)
Iniciando identify()
Array
(
    [image] => Array
        (
            [name] => image.jpeg
            [full_path] => image.jpeg
            [type] => image/jpeg
            [tmp_name] => /tmp/phpNEbLGi
            [error] => 0
            [size] => 7520
        )

)
Iniciando identify()
Array
(
    [image] => Array
        (
            [name] => image.jpeg
            [full_path] => image.jpeg
            [type] => image/jpeg
            [tmp_name] => /tmp/phpcmkfkK
            [error] => 0
            [size] => 7520
        )

)
Iniciando identify()
Array
(
    [image] => Array
        (
            [name] => image.jpeg
            [full_path] => image.jpeg
            [type] => image/jpeg
            [tmp_name] => /tmp/phppjMghM
            [error] => 0
            [size] => 7520
        )

)
Iniciando identify()
Array
(
    [image] => Array
        (
            [name] => image.jpeg
            [full_path] => image.jpeg
            [type] => image/jpeg
            [tmp_name] => /tmp/phpjJbDHg
            [error] => 0
            [size] => 7520
        )

)
Iniciando identify()
Array
(
    [image] => Array
        (
            [name] => image.jpeg
            [full_path] => image.jpeg
            [type] => image/jpeg
            [tmp_name] => /tmp/phpGbboOn
            [error] => 0
            [size] => 7520
        )

)
Iniciando identify()
Array
(
    [image] => Array
        (
            [name] => image.jpeg
            [full_path] => image.jpeg
            [type] => image/jpeg
            [tmp_name] => /tmp/phpocLLJA
            [error] => 0
            [size] => 7520
        )

)
Iniciando identify()
Array
(
    [image] => Array
        (
            [name] => image.jpeg
            [full_path] => image.jpeg
            [type] => image/jpeg
            [tmp_name] => /tmp/phpDhEfjE
            [error] => 0
            [size] => 7520
        )

)
Iniciando identify()
Array
(
    [image] => Array
        (
            [name] => capivara_016.jpg
            [full_path] => capivara_016.jpg
            [type] => image/jpeg
            [tmp_name] => /tmp/phpHHLnBC
            [error] => 0
            [size] => 25777
        )

)
Iniciando identify()
Array
(
    [image] => Array
        (
            [name] => image.jpeg
            [full_path] => image.jpeg
            [type] => image/jpeg
            [tmp_name] => /tmp/phpPCcOBf
            [error] => 0
            [size] => 7520
        )

)
Iniciando identify()
Array
(
    [image] => Array
        (
            [name] => image.jpeg
            [full_path] => image.jpeg
            [type] => image/jpeg
            [tmp_name] => /tmp/phpHLPdgb
            [error] => 0
            [size] => 7520
        )

)
Iniciando identify()
Array
(
    [image] => Array
        (
            [name] => image.jpeg
            [full_path] => image.jpeg
            [type] => image/jpeg
            [tmp_name] => /tmp/phpHFhONK
            [error] => 0
            [size] => 7520
        )

)
Iniciando identify()
Array
(
    [image] => Array
        (
            [name] => capivara_016.jpg
            [full_path] => capivara_016.jpg
            [type] => image/jpeg
            [tmp_name] => /tmp/phpgoMaiP
            [error] => 0
            [size] => 25777
        )

)
Iniciando identify()
Array
(
    [image] => Array
        (
            [name] => quero_quero_074.jpg
            [full_path] => quero_quero_074.jpg
            [type] => image/jpeg
            [tmp_name] => /tmp/phpFJkbgg
            [error] => 0
            [size] => 202242
        )

)
Iniciando identify()
Array
(
    [image] => Array
        (
            [name] => quero_quero_073.jpg
            [full_path] => quero_quero_073.jpg
            [type] => image/jpeg
            [tmp_name] => /tmp/phpJGDFGh
            [error] => 0
            [size] => 199642
        )

)
Iniciando identify()
Array
(
    [image] => Array
        (
            [name] => image.jpeg
            [full_path] => image.jpeg
            [type] => image/jpeg
            [tmp_name] => /tmp/phpgFADlF
            [error] => 0
            [size] => 7520
        )

)
Iniciando identify()
Array
(
    [image] => Array
        (
            [name] => capivara_016.jpg
            [full_path] => capivara_016.jpg
            [type] => image/jpeg
            [tmp_name] => /tmp/phpDdLkmf
            [error] => 0
            [size] => 25777
        )

)
Iniciando identify()
Array
(
    [image] => Array
        (
            [name] => capivara_016.jpg
            [full_path] => capivara_016.jpg
            [type] => image/jpeg
            [tmp_name] => /tmp/phpnCLAbo
            [error] => 0
            [size] => 25777
        )

)
Iniciando identify()
Array
(
    [image] => Array
        (
            [name] => image.jpeg
            [full_path] => image.jpeg
            [type] => image/jpeg
            [tmp_name] => /tmp/phpmDebEB
            [error] => 0
            [size] => 7520
        )

)
Iniciando identify()
Array
(
    [image] => Array
        (
            [name] => image.jpeg
            [full_path] => image.jpeg
            [type] => image/jpeg
            [tmp_name] => /tmp/phpEFoHhc
            [error] => 0
            [size] => 7520
        )

)
Iniciando identify()
Array
(
    [image] => Array
        (
            [name] => image.jpeg
            [full_path] => image.jpeg
            [type] => image/jpeg
            [tmp_name] => /tmp/phppplBjA
            [error] => 0
            [size] => 7520
        )

)
Iniciando identify()
Array
(
    [image] => Array
        (
            [name] => capivara_016.jpg
            [full_path] => capivara_016.jpg
            [type] => image/jpeg
            [tmp_name] => /tmp/phpacLMMC
            [error] => 0
            [size] => 25777
        )

)
Iniciando identify()
Array
(
    [image] => Array
        (
            [name] => capivara_016.jpg
            [full_path] => capivara_016.jpg
            [type] => image/jpeg
            [tmp_name] => /tmp/phpAcFoDk
            [error] => 0
            [size] => 25777
        )

)
