Iniciando upload()
Array
(
    [name] => images.jpeg
    [full_path] => images.jpeg
    [type] => image/jpeg
    [tmp_name] => /tmp/phpm4mf01i6gs5ueeAOnkB
    [error] => 0
    [size] => 7520
)
Iniciando upload()
Array
(
    [name] => images.jpeg
    [full_path] => images.jpeg
    [type] => image/jpeg
    [tmp_name] => /tmp/phpb4d9oh60oe9ueonCBgA
    [error] => 0
    [size] => 7520
)
Iniciando upload()
Array
(
    [name] => images.jpeg
    [full_path] => images.jpeg
    [type] => image/jpeg
    [tmp_name] => /tmp/phpa5p0kr1r82152Klglkg
    [error] => 0
    [size] => 7520
)
Iniciando upload()
Array
(
    [name] => images.jpeg
    [full_path] => images.jpeg
    [type] => image/jpeg
    [tmp_name] => /tmp/phptg67q4qqkh2b9KhOANO
    [error] => 0
    [size] => 7520
)
Iniciando upload()
Array
(
    [name] => images.jpeg
    [full_path] => images.jpeg
    [type] => image/jpeg
    [tmp_name] => /tmp/phpe32ul006gbmbaoEBNCa
    [error] => 0
    [size] => 7520
)
Iniciando upload()
Array
(
    [name] => images.jpeg
    [full_path] => images.jpeg
    [type] => image/jpeg
    [tmp_name] => /tmp/php1jooijf7u91f7eccDHi
    [error] => 0
    [size] => 7520
)
Iniciando upload()
Array
(
    [name] => images.jpeg
    [full_path] => images.jpeg
    [type] => image/jpeg
    [tmp_name] => /tmp/php6rmamp1t17da3mJfAPF
    [error] => 0
    [size] => 7520
)
Iniciando upload()
Array
(
    [name] => images.jpeg
    [full_path] => images.jpeg
    [type] => image/jpeg
    [tmp_name] => /tmp/php4o1ep09af69g5nomNJg
    [error] => 0
    [size] => 7520
)
Iniciando upload()
Array
(
    [name] => images.jpeg
    [full_path] => images.jpeg
    [type] => image/jpeg
    [tmp_name] => /tmp/phpqlm5p93tsd828KePMDJ
    [error] => 0
    [size] => 7520
)
Iniciando upload()
Array
(
    [name] => images.jpeg
    [full_path] => images.jpeg
    [type] => image/jpeg
    [tmp_name] => /tmp/php5ddaihoo8v1ccphbPki
    [error] => 0
    [size] => 7520
)
Iniciando upload()
Array
(
    [name] => images.jpeg
    [full_path] => images.jpeg
    [type] => image/jpeg
    [tmp_name] => /tmp/phpj9jp2gut04c28CoKhFC
    [error] => 0
    [size] => 7520
)
Iniciando upload()
Array
(
    [name] => images.jpeg
    [full_path] => images.jpeg
    [type] => image/jpeg
    [tmp_name] => /tmp/phpIDlIeh
    [error] => 0
    [size] => 7520
)
Iniciando upload()
Array
(
    [name] => images.jpeg
    [full_path] => images.jpeg
    [type] => image/jpeg
    [tmp_name] => /tmp/phpoCNdaJ
    [error] => 0
    [size] => 7520
)
Iniciando upload()
Array
(
    [name] => image.jpeg
    [full_path] => image.jpeg
    [type] => image/jpeg
    [tmp_name] => /tmp/phpdeKICo
    [error] => 0
    [size] => 7520
)
Iniciando upload()
Array
(
    [name] => image.jpeg
    [full_path] => image.jpeg
    [type] => image/jpeg
    [tmp_name] => /tmp/phpgnLnBn
    [error] => 0
    [size] => 7520
)
Iniciando upload()
Array
(
    [name] => image.jpeg
    [full_path] => image.jpeg
    [type] => image/jpeg
    [tmp_name] => /tmp/phpcaNKDc
    [error] => 0
    [size] => 7520
)
Iniciando upload()
Array
(
    [name] => image.jpeg
    [full_path] => image.jpeg
    [type] => image/jpeg
    [tmp_name] => /tmp/phpanNdDH
    [error] => 0
    [size] => 7520
)
Iniciando upload()
Array
(
    [name] => image.jpeg
    [full_path] => image.jpeg
    [type] => image/jpeg
    [tmp_name] => /tmp/phpjKgOlj
    [error] => 0
    [size] => 7520
)
Iniciando upload()
Array
(
    [name] => image.jpeg
    [full_path] => image.jpeg
    [type] => image/jpeg
    [tmp_name] => /tmp/phpNEbLGi
    [error] => 0
    [size] => 7520
)
Iniciando upload()
Array
(
    [name] => image.jpeg
    [full_path] => image.jpeg
    [type] => image/jpeg
    [tmp_name] => /tmp/phpcmkfkK
    [error] => 0
    [size] => 7520
)
Iniciando upload()
Array
(
    [name] => image.jpeg
    [full_path] => image.jpeg
    [type] => image/jpeg
    [tmp_name] => /tmp/phppjMghM
    [error] => 0
    [size] => 7520
)
Iniciando upload()
Array
(
    [name] => image.jpeg
    [full_path] => image.jpeg
    [type] => image/jpeg
    [tmp_name] => /tmp/phpjJbDHg
    [error] => 0
    [size] => 7520
)
Iniciando upload()
Array
(
    [name] => image.jpeg
    [full_path] => image.jpeg
    [type] => image/jpeg
    [tmp_name] => /tmp/phpGbboOn
    [error] => 0
    [size] => 7520
)
Iniciando upload()
Array
(
    [name] => image.jpeg
    [full_path] => image.jpeg
    [type] => image/jpeg
    [tmp_name] => /tmp/phpocLLJA
    [error] => 0
    [size] => 7520
)
Arquivo salvo em: /var/www/html/uploads/images/img_69cd4b05535e40.53648461.jpeg
Iniciando upload()
Array
(
    [name] => image.jpeg
    [full_path] => image.jpeg
    [type] => image/jpeg
    [tmp_name] => /tmp/phpDhEfjE
    [error] => 0
    [size] => 7520
)
Arquivo salvo em: /var/www/html/public/uploads/images/img_69cd4cc35ee6b2.97561223.jpeg
Iniciando upload()
Array
(
    [name] => capivara_016.jpg
    [full_path] => capivara_016.jpg
    [type] => image/jpeg
    [tmp_name] => /tmp/phpHHLnBC
    [error] => 0
    [size] => 25777
)
Arquivo salvo em: /var/www/html/public/uploads/images/img_69cd4d256c9c23.00808576.jpg
Iniciando upload()
Array
(
    [name] => image.jpeg
    [full_path] => image.jpeg
    [type] => image/jpeg
    [tmp_name] => /tmp/phpPCcOBf
    [error] => 0
    [size] => 7520
)
Arquivo salvo em: /var/www/html/public/uploads/images/img_69cd531e9a64d0.08842289.jpeg
Iniciando upload()
Array
(
    [name] => capivara-01.jpg
    [full_path] => capivara-01.jpg
    [type] => image/jpeg
    [tmp_name] => /tmp/phpvmqa4vgdcljp2akhMAg
    [error] => 0
    [size] => 475562
)
Arquivo salvo em: /var/www/html/public/uploads/images/img_69ef3c9512c167.79319306.jpg
Iniciando upload()
Array
(
    [name] => capivara-01.jpg
    [full_path] => capivara-01.jpg
    [type] => image/jpeg
    [tmp_name] => /tmp/php383aoh5jf4cu6LGmCfO
    [error] => 0
    [size] => 475562
)
Arquivo salvo em: /var/www/html/public/uploads/images/img_69f289f4100e53.74977474.jpg
Iniciando upload()
Array
(
    [name] => capivara-01.jpg
    [full_path] => capivara-01.jpg
    [type] => image/jpeg
    [tmp_name] => /tmp/php9vhbufahajimamINkKJ
    [error] => 0
    [size] => 475562
)
Arquivo salvo em: /var/www/html/public/uploads/images/img_69f289f9bd69b5.55276447.jpg
Iniciando upload()
Array
(
    [name] => graxain.jpg
    [full_path] => graxain.jpg
    [type] => image/jpeg
    [tmp_name] => /tmp/phpe2ncq8f84cdg5JoGPEh
    [error] => 0
    [size] => 200598
)
Arquivo salvo em: /var/www/html/public/uploads/images/img_69f28a671b8ae0.17878328.jpg
Iniciando upload()
Array
(
    [name] => quero.jpg
    [full_path] => quero.jpg
    [type] => image/jpeg
    [tmp_name] => /tmp/phpq31edl8129448GiAOCm
    [error] => 0
    [size] => 6504
)
Arquivo salvo em: /var/www/html/public/uploads/images/img_69f28b2343b985.46519471.jpg
Iniciando upload()
Array
(
    [name] => quero.jpg
    [full_path] => quero.jpg
    [type] => image/jpeg
    [tmp_name] => /tmp/phpk1qipbkkfc622HcHEba
    [error] => 0
    [size] => 6504
)
Arquivo salvo em: /var/www/html/public/uploads/images/img_69f28b2bed4041.38491906.jpg
Iniciando upload()
Array
(
    [name] => capivara-01.jpg
    [full_path] => capivara-01.jpg
    [type] => image/jpeg
    [tmp_name] => /tmp/phpj82vvovjuf7haPGffKN
    [error] => 0
    [size] => 475562
)
Arquivo salvo em: /var/www/html/public/uploads/images/img_69f28b34d16f49.06349319.jpg
Iniciando upload()
Array
(
    [name] => graxain.jpg
    [full_path] => graxain.jpg
    [type] => image/jpeg
    [tmp_name] => /tmp/phpjrdrgar4qa503dCLEPo
    [error] => 0
    [size] => 200598
)
Arquivo salvo em: /var/www/html/public/uploads/images/img_69f28b3d6926d5.63870652.jpg
Iniciando upload()
Array
(
    [name] => graxain.jpg
    [full_path] => graxain.jpg
    [type] => image/jpeg
    [tmp_name] => /tmp/phplnuup81s7c0lcgFomeg
    [error] => 0
    [size] => 200598
)
Arquivo salvo em: /var/www/html/public/uploads/images/img_69f28b911665f5.26038906.jpg
Iniciando upload()
Array
(
    [name] => capivara-01.jpg
    [full_path] => capivara-01.jpg
    [type] => image/jpeg
    [tmp_name] => /tmp/phpc2uajopk6k6v4FIGdfG
    [error] => 0
    [size] => 475562
)
Arquivo salvo em: /var/www/html/public/uploads/images/img_69f28b9a9c4230.74921841.jpg
Iniciando upload()
Array
(
    [name] => quero.jpg
    [full_path] => quero.jpg
    [type] => image/jpeg
    [tmp_name] => /tmp/phpqbqjbjoea3tg5kIiLBJ
    [error] => 0
    [size] => 6504
)
Arquivo salvo em: /var/www/html/public/uploads/images/img_69f28ba7c23833.27991984.jpg
Iniciando upload()
Array
(
    [name] => quero.jpg
    [full_path] => quero.jpg
    [type] => image/jpeg
    [tmp_name] => /tmp/phpge83hhjf1np47ldiHhc
    [error] => 0
    [size] => 6504
)
Arquivo salvo em: /var/www/html/public/uploads/images/img_69f28d2a0adab2.76421999.jpg
Iniciando upload()
Array
(
    [name] => graxain.jpg
    [full_path] => graxain.jpg
    [type] => image/jpeg
    [tmp_name] => /tmp/phpge0r02osel283MKLEEG
    [error] => 0
    [size] => 200598
)
Arquivo salvo em: /var/www/html/public/uploads/images/img_69f28d3b9bc5c9.36892997.jpg
Iniciando upload()
Array
(
    [name] => capivara-01.jpg
    [full_path] => capivara-01.jpg
    [type] => image/jpeg
    [tmp_name] => /tmp/phpe908bklo1tkdfPgBkHk
    [error] => 0
    [size] => 475562
)
Arquivo salvo em: /var/www/html/public/uploads/images/img_69f28d483d2298.29967004.jpg
Iniciando upload()
Array
(
    [name] => graxain.jpg
    [full_path] => graxain.jpg
    [type] => image/jpeg
    [tmp_name] => /tmp/phpljd1hqd02gmecmMnEOa
    [error] => 0
    [size] => 200598
)
Arquivo salvo em: /var/www/html/public/uploads/images/img_69f28db4275068.58219725.jpg
Iniciando upload()
Array
(
    [name] => graxain.jpg
    [full_path] => graxain.jpg
    [type] => image/jpeg
    [tmp_name] => /tmp/phpg8plfpm3kg026FGDaNO
    [error] => 0
    [size] => 200598
)
Arquivo salvo em: /var/www/html/public/uploads/images/img_69f31ff7e10f25.38430061.jpg
Iniciando upload()
Array
(
    [name] => graxain.jpg
    [full_path] => graxain.jpg
    [type] => image/jpeg
    [tmp_name] => /tmp/phpesbkhggs6onddIgMgdo
    [error] => 0
    [size] => 200598
)
Arquivo salvo em: /var/www/html/public/uploads/images/img_69f320df87ca64.97953946.jpg
Iniciando upload()
Array
(
    [name] => capivara-01.jpg
    [full_path] => capivara-01.jpg
    [type] => image/jpeg
    [tmp_name] => /tmp/phpardvbd74p5pqbndCpDN
    [error] => 0
    [size] => 475562
)
Arquivo salvo em: /var/www/html/public/uploads/images/img_69f320e9dd77a5.13836501.jpg
Iniciando upload()
Array
(
    [name] => quero.jpg
    [full_path] => quero.jpg
    [type] => image/jpeg
    [tmp_name] => /tmp/phprh7tjlt7rvev6oBFjea
    [error] => 0
    [size] => 6504
)
Arquivo salvo em: /var/www/html/public/uploads/images/img_69f320f31507b5.44597758.jpg
Iniciando upload()
Array
(
    [name] => quero02.jpg
    [full_path] => quero02.jpg
    [type] => image/jpeg
    [tmp_name] => /tmp/phplrurrif5116fbhLEOEG
    [error] => 0
    [size] => 8020
)
Arquivo salvo em: /var/www/html/public/uploads/images/img_69f321589678b9.31434099.jpg
Iniciando upload()
Array
(
    [name] => quero02.jpg
    [full_path] => quero02.jpg
    [type] => image/jpeg
    [tmp_name] => /tmp/phpud2fe1u50a7laBgfKMb
    [error] => 0
    [size] => 8020
)
Arquivo salvo em: /var/www/html/public/uploads/images/img_69f324f00a0fb5.96598214.jpg
Iniciando upload()
Array
(
    [name] => capivara-01.jpg
    [full_path] => capivara-01.jpg
    [type] => image/jpeg
    [tmp_name] => /tmp/phpfblqbnshga5daLadBEl
    [error] => 0
    [size] => 475562
)
Arquivo salvo em: /var/www/html/public/uploads/images/img_69f324f93c6b95.70764933.jpg
Iniciando upload()
Array
(
    [name] => graxain.jpg
    [full_path] => graxain.jpg
    [type] => image/jpeg
    [tmp_name] => /tmp/php9045o2tm43ku9ahNahC
    [error] => 0
    [size] => 200598
)
Arquivo salvo em: /var/www/html/public/uploads/images/img_69f325087e7192.56273896.jpg
Iniciando upload()
Array
(
    [name] => capivara-01.jpg
    [full_path] => capivara-01.jpg
    [type] => image/jpeg
    [tmp_name] => /tmp/phpvl0oagfg8hjf0oJkPCf
    [error] => 0
    [size] => 475562
)
Arquivo salvo em: /var/www/html/public/uploads/images/img_69f32c161d2065.86768519.jpg
Iniciando upload()
Array
(
    [name] => capivara-01.jpg
    [full_path] => capivara-01.jpg
    [type] => image/jpeg
    [tmp_name] => /tmp/phpmb8t38t34mci9odDCjL
    [error] => 0
    [size] => 475562
)
Arquivo salvo em: /var/www/html/public/uploads/images/img_69f32c1bc51c65.59140281.jpg
Iniciando upload()
Array
(
    [name] => graxain.jpg
    [full_path] => graxain.jpg
    [type] => image/jpeg
    [tmp_name] => /tmp/phpa8u51g3t6cbi1KfFNfp
    [error] => 0
    [size] => 200598
)
Arquivo salvo em: /var/www/html/public/uploads/images/img_69f32c2462cca5.86073899.jpg
Iniciando upload()
Array
(
    [name] => quero.jpg
    [full_path] => quero.jpg
    [type] => image/jpeg
    [tmp_name] => /tmp/phpos5tlkan558e1injdOk
    [error] => 0
    [size] => 6504
)
Arquivo salvo em: /var/www/html/public/uploads/images/img_69f32c2f38fb95.20830885.jpg
Iniciando upload()
Array
(
    [name] => graxain.jpg
    [full_path] => graxain.jpg
    [type] => image/jpeg
    [tmp_name] => /tmp/phphdpuv4do2hdq2EjnajE
    [error] => 0
    [size] => 200598
)
Arquivo salvo em: /var/www/html/public/uploads/images/img_69f32e4a8dd443.24070468.jpg
Iniciando upload()
Array
(
    [name] => graxain.jpg
    [full_path] => graxain.jpg
    [type] => image/jpeg
    [tmp_name] => /tmp/phpnm9qrskhn721fmikdkn
    [error] => 0
    [size] => 17624
)
Arquivo salvo em: /var/www/html/public/uploads/images/img_69f32ecd520061.54190802.jpg
Iniciando upload()
Array
(
    [name] => graxain.jpg
    [full_path] => graxain.jpg
    [type] => image/jpeg
    [tmp_name] => /tmp/phpsk57f47od93n4HEFjgb
    [error] => 0
    [size] => 19241
)
Arquivo salvo em: /var/www/html/public/uploads/images/img_69f32f9d0082f3.63621853.jpg
Iniciando upload()
Array
(
    [name] => graxain-02.jpg
    [full_path] => graxain-02.jpg
    [type] => image/jpeg
    [tmp_name] => /tmp/php400uqljedg8b1LanhOC
    [error] => 0
    [size] => 19864
)
Arquivo salvo em: /var/www/html/public/uploads/images/img_69f32fa38198f6.72347195.jpg
Iniciando upload()
Array
(
    [name] => quero.jpg
    [full_path] => quero.jpg
    [type] => image/jpeg
    [tmp_name] => /tmp/php1e6aud3tlk980OnLpBj
    [error] => 0
    [size] => 6504
)
Arquivo salvo em: /var/www/html/public/uploads/images/img_69f32fa93a9a74.28570232.jpg
Iniciando upload()
Array
(
    [name] => capivara-02.jpg
    [full_path] => capivara-02.jpg
    [type] => image/jpeg
    [tmp_name] => /tmp/phptggve4gve0u2fjfAmBA
    [error] => 0
    [size] => 10749
)
Arquivo salvo em: /var/www/html/public/uploads/images/img_69f32ff3651f59.32782614.jpg
Iniciando upload()
Array
(
    [name] => quero02.jpg
    [full_path] => quero02.jpg
    [type] => image/jpeg
    [tmp_name] => /tmp/phpnh7surh6nvc40GFadcj
    [error] => 0
    [size] => 9160
)
Arquivo salvo em: /var/www/html/public/uploads/images/img_69f330572ea666.12629710.jpg
Iniciando upload()
Array
(
    [name] => quero.jpg
    [full_path] => quero.jpg
    [type] => image/jpeg
    [tmp_name] => /tmp/phpg5m7e2suujoq3dfdmal
    [error] => 0
    [size] => 6504
)
Arquivo salvo em: /var/www/html/public/uploads/images/img_69f33060473b74.65268063.jpg
Iniciando upload()
Array
(
    [name] => bugio.jpg
    [full_path] => bugio.jpg
    [type] => image/jpeg
    [tmp_name] => /tmp/phpv59n9fm6dbiaehGFMci
    [error] => 0
    [size] => 20064
)
Arquivo salvo em: /var/www/html/public/uploads/images/img_69f330ae24cff4.30056034.jpg
Iniciando upload()
Array
(
    [name] => bugio.jpg
    [full_path] => bugio.jpg
    [type] => image/jpeg
    [tmp_name] => /tmp/php1383sgd30bomceHaPjI
    [error] => 0
    [size] => 20064
)
Arquivo salvo em: /var/www/html/public/uploads/images/img_69f330d6c23017.65908268.jpg
Iniciando upload()
Array
(
    [name] => bugio.jpg
    [full_path] => bugio.jpg
    [type] => image/jpeg
    [tmp_name] => /tmp/phpo5bup3drf6l7dmDjecM
    [error] => 0
    [size] => 20064
)
Arquivo salvo em: /var/www/html/public/uploads/images/img_69f332671e59a9.64849771.jpg
Iniciando upload()
Array
(
    [name] => bugio.jpg
    [full_path] => bugio.jpg
    [type] => image/jpeg
    [tmp_name] => /tmp/phph1c1gf06b5dt4CfDnND
    [error] => 0
    [size] => 20064
)
Arquivo salvo em: /var/www/html/public/uploads/images/img_69f33290862104.94324873.jpg
Iniciando upload()
Array
(
    [name] => bugio.jpg
    [full_path] => bugio.jpg
    [type] => image/jpeg
    [tmp_name] => /tmp/phprgdjpj5cdhii0lACJPN
    [error] => 0
    [size] => 20064
)
Arquivo salvo em: /var/www/html/public/uploads/images/img_69f332ece2e476.07172095.jpg
Iniciando upload()
Array
(
    [name] => capivara-02.jpg
    [full_path] => capivara-02.jpg
    [type] => image/jpeg
    [tmp_name] => /tmp/php6hvstmd4dtnh3GIMimp
    [error] => 0
    [size] => 10749
)
Arquivo salvo em: /var/www/html/public/uploads/images/img_69f333b7614725.70404667.jpg
Iniciando upload()
Array
(
    [name] => quero.jpg
    [full_path] => quero.jpg
    [type] => image/jpeg
    [tmp_name] => /tmp/php86cqhbsp9qcp8jBELnH
    [error] => 0
    [size] => 6504
)
Arquivo salvo em: /var/www/html/public/uploads/images/img_69f333bda364b0.78073885.jpg
Iniciando upload()
Array
(
    [name] => bugio.jpg
    [full_path] => bugio.jpg
    [type] => image/jpeg
    [tmp_name] => /tmp/phpmm3hv016obi92HPchOL
    [error] => 0
    [size] => 20064
)
Arquivo salvo em: /var/www/html/public/uploads/images/img_69f333c3c09ee7.95060010.jpg
Iniciando upload()
Array
(
    [name] => quero.jpg
    [full_path] => quero.jpg
    [type] => image/jpeg
    [tmp_name] => /tmp/phpq9qb0hh2jajm2cmePaA
    [error] => 0
    [size] => 6504
)
Arquivo salvo em: /var/www/html/public/uploads/images/img_69f333d2653294.34354549.jpg
Iniciando upload()
Array
(
    [name] => quero-03.jpg
    [full_path] => quero-03.jpg
    [type] => image/jpeg
    [tmp_name] => /tmp/php4oabl6rs2hma4bAmOKm
    [error] => 0
    [size] => 11061
)
Arquivo salvo em: /var/www/html/public/uploads/images/img_69f33439477fa0.75266824.jpg
Iniciando upload()
Array
(
    [name] => capivara-03.jpg
    [full_path] => capivara-03.jpg
    [type] => image/jpeg
    [tmp_name] => /tmp/php0c6l0v6vv9jd0IdIDCK
    [error] => 0
    [size] => 8449
)
Arquivo salvo em: /var/www/html/public/uploads/images/img_69f334a9b5bfb4.76130548.jpg
Iniciando upload()
Array
(
    [name] => capivara_016.jpg
    [full_path] => capivara_016.jpg
    [type] => image/jpeg
    [tmp_name] => /tmp/phpag6tvmici8j1dGnFNcC
    [error] => 0
    [size] => 25777
)
Arquivo salvo em: /var/www/html/public/uploads/images/img_6a05fd5fa6f668.98472571.jpg
Iniciando upload()
Array
(
    [name] => image.jpeg
    [full_path] => image.jpeg
    [type] => image/jpeg
    [tmp_name] => /tmp/phprpt8h0tukqv4epHDlac
    [error] => 0
    [size] => 7520
)
Arquivo salvo em: /var/www/html/public/uploads/images/img_6a06043a38b6d4.30993525.jpeg
Iniciando upload()
Array
(
    [name] => image.jpeg
    [full_path] => image.jpeg
    [type] => image/jpeg
    [tmp_name] => /tmp/phpg3a1frj4slfldJEjpgp
    [error] => 0
    [size] => 7520
)
Arquivo salvo em: /var/www/html/public/uploads/images/img_6a071ba57cc009.94961607.jpeg
Iniciando upload()
Array
(
    [name] => image.jpeg
    [full_path] => image.jpeg
    [type] => image/jpeg
    [tmp_name] => /tmp/phpll2e5ekfqpc35ALmiiH
    [error] => 0
    [size] => 7520
)
Arquivo salvo em: /var/www/html/public/uploads/images/img_6a0724955400e9.49172542.jpeg
Iniciando upload()
Array
(
    [name] => image.jpeg
    [full_path] => image.jpeg
    [type] => image/jpeg
    [tmp_name] => /tmp/phpfit1n0ec83ft9NEEibA
    [error] => 0
    [size] => 7520
)
Arquivo salvo em: /var/www/html/public/uploads/images/img_6a0725debef653.21821869.jpeg
Iniciando upload()
Array
(
    [name] => image.jpeg
    [full_path] => image.jpeg
    [type] => image/jpeg
    [tmp_name] => /tmp/phpb90387sii2dhemKEcGE
    [error] => 0
    [size] => 7520
)
Arquivo salvo em: /var/www/html/public/uploads/images/img_6a07261c310098.23454720.jpeg
Iniciando upload()
Array
(
    [name] => image.jpeg
    [full_path] => image.jpeg
    [type] => image/jpeg
    [tmp_name] => /tmp/phpmqf12lb5gfanbGLJJmk
    [error] => 0
    [size] => 7520
)
Arquivo salvo em: /var/www/html/public/uploads/images/img_6a0726a77dc135.93044448.jpeg
Iniciando upload()
Array
(
    [name] => image.jpeg
    [full_path] => image.jpeg
    [type] => image/jpeg
    [tmp_name] => /tmp/phptbegf2i43n74dmfpnjP
    [error] => 0
    [size] => 7520
)
Arquivo salvo em: /var/www/html/public/uploads/images/img_6a07278e275506.15910781.jpeg
Iniciando upload()
Array
(
    [name] => image.jpeg
    [full_path] => image.jpeg
    [type] => image/jpeg
    [tmp_name] => /tmp/phpkm7d4vahdg740aGAaBL
    [error] => 0
    [size] => 7520
)
Arquivo salvo em: /var/www/html/public/uploads/images/img_6a07289c1870a4.87520452.jpeg
Iniciando upload()
Array
(
    [name] => image.jpeg
    [full_path] => image.jpeg
    [type] => image/jpeg
    [tmp_name] => /tmp/phpqdosbeggb7vj8cFldek
    [error] => 0
    [size] => 7520
)
Arquivo salvo em: /var/www/html/public/uploads/images/img_6a072a3e2ecb89.70878317.jpeg
Iniciando upload()
Array
(
    [name] => image.jpeg
    [full_path] => image.jpeg
    [type] => image/jpeg
    [tmp_name] => /tmp/phpnvdv622ng97r6GENBHM
    [error] => 0
    [size] => 7520
)
Arquivo salvo em: /var/www/html/public/uploads/images/img_6a072b883b27f0.60389490.jpeg
Iniciando upload()
Array
(
    [name] => image.jpeg
    [full_path] => image.jpeg
    [type] => image/jpeg
    [tmp_name] => /tmp/phpfp1h18enf2gc0BgfLNg
    [error] => 0
    [size] => 7520
)
Arquivo salvo em: /var/www/html/public/uploads/images/img_6a072c04a439c8.47667335.jpeg
Iniciando upload()
Array
(
    [name] => image.jpeg
    [full_path] => image.jpeg
    [type] => image/jpeg
    [tmp_name] => /tmp/phpdfkaggjrfb8u4KCHMen
    [error] => 0
    [size] => 7520
)
Arquivo salvo em: /var/www/html/public/uploads/images/img_6a072f348eeaf5.06693779.jpeg
Iniciando upload()
Array
(
    [name] => quero.jpg
    [full_path] => quero.jpg
    [type] => image/jpeg
    [tmp_name] => /tmp/phpnnb0cpv94nqu6IbGdIc
    [error] => 0
    [size] => 11060
)
Arquivo salvo em: /var/www/html/public/uploads/images/img_6a0b1493368734.11076067.jpg
